<UIView; frame = (0 0; 320 50); layer = <CALayer>>
   | <UIView; frame = (0 0; 107 50); layer = <CALayer>>
   | <UIView; frame = (107 0; 107 50); layer = <CALayer>>
   | <UIView; frame = (213 0; 107 50); layer = <CALayer>>