<UIView; frame = (0 0; 300 50); layer = <CALayer>>
   | <UIView; frame = (0 0; 150 50); layer = <CALayer>>
   | <UIView; frame = (100 0; 100 50); layer = <CALayer>>
   | <UIView; frame = (150 0; 150 50); layer = <CALayer>>